// Jest Snapshot v1, https://goo.gl/fbAQLP

exports[`Given common routes GET /api/example should return example 1`] = `
{
  "result": "example",
}
`;
